src/hooks/useSocketAlert.ts(31,13): error TS2367: This comparison appears to be unintentional because the types 'UserRole' and '"vendor"' have no overlap.
src/pages/dashboard/AdminDashboard.tsx(6,1): error TS6133: 'Link' is declared but its value is never read.
src/pages/dashboard/AdminDashboard.tsx(9,27): error TS6133: 'BarChart3' is declared but its value is never read.
src/pages/home/HomePage.tsx(5,27): error TS1484: 'Category' is a type and must be imported using a type-only import when 'verbatimModuleSyntax' is enabled.
src/pages/home/HomePage.tsx(6,10): error TS1484: 'Product' is a type and must be imported using a type-only import when 'verbatimModuleSyntax' is enabled.
src/pages/home/HomePage.tsx(12,57): error TS2339: Property 'id' does not exist on type 'Product'.
